=== Testing Browserless Scraper ===

API Key configured: true
Key prefix: 2TgH0kmwnB...

Starting scrape of Bene (Architonic)...


≡ƒÅù∩╕Å [Browserless] Starting Architonic Scrape: https://www.architonic.com/en/b/bene/collections/3101988/
≡ƒîÉ Connecting to Browserless.io cloud browser...
Γ£à Connected to cloud browser
[15%] Navigating to brand page...
node : Browserless scrape error: 
page.waitForTimeout is not a function
At line:1 char:1
+ node test-browserless.mjs 2>&1 > 
test-output.txt
+ ~~~~~~~~~~~~~~~~~~~~~~~~~~~~~~~~~~~~~~~~~~~~
~~~~
    + CategoryInfo          : NotSpecified: ( 
   Browserless scr... not a function:String)  
   [], RemoteException
    + FullyQualifiedErrorId : NativeCommandEr 
   ror
 
≡ƒöÆ Browser closed

=== SCRAPE FAILED ===
Error: Scraping failed: page.waitForTimeout 
is not a function
Stack: Error: Scraping failed: 
page.waitForTimeout is not a function
    at BrowserlessScraper.scrapeArchitonic (fi
le:///C:/Users/Mohamad60025/Desktop/App/BOQ/se
rver/browserlessScraper.js:411:23)
    at async BrowserlessScraper.scrapeBrand (f
ile:///C:/Users/Mohamad60025/Desktop/App/BOQ/s
erver/browserlessScraper.js:571:20)
    at async test (file:///C:/Users/Mohamad600
25/Desktop/App/BOQ/test-browserless.mjs:19:24)
